============================================================
GEOCK v2 - NEURAL NETWORK v2 (Chunked + LR Scheduling)
============================================================

[1] Loading MERGED data (39K samples)...
  39109 samples, 512 features
  Data scaled. Feature range: [-2.501, 9.048]

[2] 5-Fold CV with Chunked NN + LR Scheduling...
    (ReduceLROnPlateau: LR reduces when improvement stalls)
     Patience: 10 epochs for LR, 30 epochs for early stopping
============================================================
Using device: cpu


============================================================
FOLD 1/5
============================================================
Epoch   1/150 | Train: 39.2506 | Val: 7.8388 | R²: 0.0274 | LR: 0.001000
Epoch   2/150 | Train: 13.9809 | Val: 4.9914 | R²: 0.0574 | LR: 0.001000
Epoch   3/150 | Train: 5.6787 | Val: 3.1379 | R²: 0.1504 | LR: 0.001000
Epoch   4/150 | Train: 4.0768 | Val: 2.7561 | R²: 0.2490 | LR: 0.001000
Epoch   5/150 | Train: 3.4469 | Val: 2.1843 | R²: 0.3693 | LR: 0.001000
Epoch   6/150 | Train: 3.1033 | Val: 2.0397 | R²: 0.3972 | LR: 0.001000
Epoch   7/150 | Train: 2.7763 | Val: 1.8710 | R²: 0.4444 | LR: 0.001000
Epoch   8/150 | Train: 2.6010 | Val: 1.8293 | R²: 0.4803 | LR: 0.001000
Epoch   9/150 | Train: 2.4239 | Val: 1.6484 | R²: 0.5186 | LR: 0.001000
Epoch  10/150 | Train: 2.2174 | Val: 1.5598 | R²: 0.5377 | LR: 0.001000
Epoch  11/150 | Train: 2.0893 | Val: 1.4602 | R²: 0.5653 | LR: 0.001000
Epoch  12/150 | Train: 1.9989 | Val: 1.4061 | R²: 0.5845 | LR: 0.001000
Epoch  13/150 | Train: 1.8597 | Val: 1.3315 | R²: 0.6063 | LR: 0.001000
Epoch  14/150 | Train: 1.7552 | Val: 1.2704 | R²: 0.6299 | LR: 0.001000
Epoch  15/150 | Train: 1.6889 | Val: 1.2322 | R²: 0.6414 | LR: 0.001000
Epoch  16/150 | Train: 1.5872 | Val: 1.2026 | R²: 0.6544 | LR: 0.001000
Epoch  17/150 | Train: 1.5540 | Val: 1.1433 | R²: 0.6633 | LR: 0.001000
Epoch  18/150 | Train: 1.5025 | Val: 1.0889 | R²: 0.6775 | LR: 0.001000
Epoch  19/150 | Train: 1.3949 | Val: 1.1047 | R²: 0.6815 | LR: 0.001000
Epoch  20/150 | Train: 1.3639 | Val: 1.0758 | R²: 0.6873 | LR: 0.001000
Epoch  21/150 | Train: 1.3250 | Val: 1.0291 | R²: 0.6973 | LR: 0.001000
Epoch  22/150 | Train: 1.2637 | Val: 0.9898 | R²: 0.7114 | LR: 0.001000
Epoch  23/150 | Train: 1.2591 | Val: 0.9605 | R²: 0.7162 | LR: 0.001000
Epoch  24/150 | Train: 1.2050 | Val: 0.9709 | R²: 0.7210 | LR: 0.001000
Epoch  25/150 | Train: 1.1678 | Val: 0.9524 | R²: 0.7204 | LR: 0.001000
Epoch  26/150 | Train: 1.1292 | Val: 0.9130 | R²: 0.7335 | LR: 0.001000
Epoch  27/150 | Train: 1.1136 | Val: 0.9079 | R²: 0.7301 | LR: 0.001000
Epoch  28/150 | Train: 1.0678 | Val: 0.8801 | R²: 0.7444 | LR: 0.001000
Epoch  29/150 | Train: 1.0610 | Val: 0.8598 | R²: 0.7489 | LR: 0.001000
Epoch  30/150 | Train: 1.0285 | Val: 0.8594 | R²: 0.7481 | LR: 0.001000
Epoch  31/150 | Train: 1.0059 | Val: 0.8254 | R²: 0.7562 | LR: 0.001000
Epoch  32/150 | Train: 0.9739 | Val: 0.8150 | R²: 0.7566 | LR: 0.001000
Epoch  33/150 | Train: 0.9574 | Val: 0.7990 | R²: 0.7636 | LR: 0.001000
Epoch  34/150 | Train: 0.9340 | Val: 0.7923 | R²: 0.7650 | LR: 0.001000
Epoch  35/150 | Train: 0.9067 | Val: 0.8154 | R²: 0.7639 | LR: 0.001000
Epoch  36/150 | Train: 0.8968 | Val: 0.7827 | R²: 0.7678 | LR: 0.001000
Epoch  37/150 | Train: 0.8703 | Val: 0.7720 | R²: 0.7717 | LR: 0.001000
Epoch  38/150 | Train: 0.8619 | Val: 0.7559 | R²: 0.7758 | LR: 0.001000
Epoch  39/150 | Train: 0.8380 | Val: 0.7484 | R²: 0.7776 | LR: 0.001000
Epoch  40/150 | Train: 0.8336 | Val: 0.7659 | R²: 0.7784 | LR: 0.001000
Epoch  41/150 | Train: 0.8125 | Val: 0.7498 | R²: 0.7806 | LR: 0.001000
Epoch  42/150 | Train: 0.8094 | Val: 0.7405 | R²: 0.7832 | LR: 0.001000
Epoch  43/150 | Train: 0.7950 | Val: 0.7264 | R²: 0.7846 | LR: 0.001000
Epoch  44/150 | Train: 0.7748 | Val: 0.7340 | R²: 0.7873 | LR: 0.001000
Epoch  45/150 | Train: 0.7642 | Val: 0.7205 | R²: 0.7876 | LR: 0.001000
Epoch  46/150 | Train: 0.7474 | Val: 0.7349 | R²: 0.7870 | LR: 0.001000
Epoch  47/150 | Train: 0.7497 | Val: 0.7079 | R²: 0.7906 | LR: 0.001000
Epoch  48/150 | Train: 0.7374 | Val: 0.7055 | R²: 0.7906 | LR: 0.001000
Epoch  49/150 | Train: 0.7281 | Val: 0.7003 | R²: 0.7959 | LR: 0.001000
Epoch  50/150 | Train: 0.7203 | Val: 0.6832 | R²: 0.7978 | LR: 0.001000
Epoch  51/150 | Train: 0.7068 | Val: 0.6936 | R²: 0.7942 | LR: 0.001000
Epoch  52/150 | Train: 0.7051 | Val: 0.7017 | R²: 0.7967 | LR: 0.001000
Epoch  53/150 | Train: 0.6994 | Val: 0.6866 | R²: 0.7960 | LR: 0.001000
Epoch  54/150 | Train: 0.6955 | Val: 0.6716 | R²: 0.7993 | LR: 0.001000
Epoch  55/150 | Train: 0.6731 | Val: 0.6949 | R²: 0.7974 | LR: 0.001000
Epoch  56/150 | Train: 0.6788 | Val: 0.6828 | R²: 0.7974 | LR: 0.001000
Epoch  57/150 | Train: 0.6655 | Val: 0.6661 | R²: 0.8007 | LR: 0.001000
Epoch  58/150 | Train: 0.6541 | Val: 0.6697 | R²: 0.8000 | LR: 0.001000
Epoch  59/150 | Train: 0.6654 | Val: 0.6720 | R²: 0.8011 | LR: 0.001000
Epoch  60/150 | Train: 0.6594 | Val: 0.6687 | R²: 0.8024 | LR: 0.001000
Epoch  61/150 | Train: 0.6543 | Val: 0.6678 | R²: 0.8029 | LR: 0.001000
Epoch  62/150 | Train: 0.6365 | Val: 0.6590 | R²: 0.8031 | LR: 0.001000
Epoch  63/150 | Train: 0.6265 | Val: 0.6878 | R²: 0.8033 | LR: 0.001000
Epoch  64/150 | Train: 0.6229 | Val: 0.6628 | R²: 0.8030 | LR: 0.001000
Epoch  65/150 | Train: 0.6258 | Val: 0.6514 | R²: 0.8055 | LR: 0.001000
Epoch  66/150 | Train: 0.6116 | Val: 0.6703 | R²: 0.8049 | LR: 0.001000
Epoch  67/150 | Train: 0.6115 | Val: 0.6605 | R²: 0.8055 | LR: 0.001000
Epoch  68/150 | Train: 0.6053 | Val: 0.6512 | R²: 0.8052 | LR: 0.001000
Epoch  69/150 | Train: 0.6010 | Val: 0.6645 | R²: 0.8015 | LR: 0.001000
Epoch  70/150 | Train: 0.6019 | Val: 0.6611 | R²: 0.8056 | LR: 0.001000
Epoch  71/150 | Train: 0.5927 | Val: 0.6535 | R²: 0.8088 | LR: 0.001000
Epoch  72/150 | Train: 0.5858 | Val: 0.6494 | R²: 0.8067 | LR: 0.001000
Epoch  73/150 | Train: 0.5820 | Val: 0.6475 | R²: 0.8090 | LR: 0.001000
Epoch  74/150 | Train: 0.5894 | Val: 0.6418 | R²: 0.8092 | LR: 0.001000
Epoch  75/150 | Train: 0.5789 | Val: 0.6456 | R²: 0.8072 | LR: 0.001000
Epoch  76/150 | Train: 0.5804 | Val: 0.6768 | R²: 0.8054 | LR: 0.001000
Epoch  77/150 | Train: 0.5774 | Val: 0.6419 | R²: 0.8094 | LR: 0.001000
Epoch  78/150 | Train: 0.5731 | Val: 0.6351 | R²: 0.8123 | LR: 0.001000
Epoch  79/150 | Train: 0.5640 | Val: 0.6385 | R²: 0.8101 | LR: 0.001000
Epoch  80/150 | Train: 0.5662 | Val: 0.6327 | R²: 0.8111 | LR: 0.001000
Epoch  81/150 | Train: 0.5585 | Val: 0.6467 | R²: 0.8098 | LR: 0.001000
Epoch  82/150 | Train: 0.5600 | Val: 0.6283 | R²: 0.8123 | LR: 0.001000
Epoch  83/150 | Train: 0.5602 | Val: 0.6279 | R²: 0.8121 | LR: 0.001000
Epoch  84/150 | Train: 0.5496 | Val: 0.6304 | R²: 0.8116 | LR: 0.001000
Epoch  85/150 | Train: 0.5458 | Val: 0.6315 | R²: 0.8121 | LR: 0.001000
Epoch  86/150 | Train: 0.5546 | Val: 0.6403 | R²: 0.8109 | LR: 0.001000
Epoch  87/150 | Train: 0.5426 | Val: 0.6257 | R²: 0.8127 | LR: 0.001000
Epoch  88/150 | Train: 0.5432 | Val: 0.6346 | R²: 0.8106 | LR: 0.001000
Epoch  89/150 | Train: 0.5491 | Val: 0.6323 | R²: 0.8109 | LR: 0.001000
Epoch  90/150 | Train: 0.5434 | Val: 0.6255 | R²: 0.8134 | LR: 0.001000
Epoch  91/150 | Train: 0.5416 | Val: 0.6451 | R²: 0.8136 | LR: 0.001000
Epoch  92/150 | Train: 0.5320 | Val: 0.6229 | R²: 0.8146 | LR: 0.001000
Epoch  93/150 | Train: 0.5404 | Val: 0.6370 | R²: 0.8132 | LR: 0.001000
Epoch  94/150 | Train: 0.5295 | Val: 0.6210 | R²: 0.8140 | LR: 0.001000
Epoch  95/150 | Train: 0.5333 | Val: 0.6417 | R²: 0.8132 | LR: 0.001000
Epoch  96/150 | Train: 0.5298 | Val: 0.6386 | R²: 0.8150 | LR: 0.001000
Epoch  97/150 | Train: 0.5273 | Val: 0.6230 | R²: 0.8143 | LR: 0.001000
Epoch  98/150 | Train: 0.5322 | Val: 0.6237 | R²: 0.8130 | LR: 0.001000
Epoch  99/150 | Train: 0.5264 | Val: 0.6308 | R²: 0.8133 | LR: 0.001000
Epoch 100/150 | Train: 0.5285 | Val: 0.6202 | R²: 0.8145 | LR: 0.001000
Epoch 101/150 | Train: 0.5278 | Val: 0.6369 | R²: 0.8161 | LR: 0.001000
Epoch 102/150 | Train: 0.5230 | Val: 0.6198 | R²: 0.8143 | LR: 0.001000
Epoch 103/150 | Train: 0.5198 | Val: 0.6251 | R²: 0.8152 | LR: 0.001000
Epoch 104/150 | Train: 0.5182 | Val: 0.6185 | R²: 0.8150 | LR: 0.001000
Epoch 105/150 | Train: 0.5244 | Val: 0.6164 | R²: 0.8163 | LR: 0.001000
Epoch 106/150 | Train: 0.5093 | Val: 0.6257 | R²: 0.8146 | LR: 0.001000
Epoch 107/150 | Train: 0.5186 | Val: 0.6175 | R²: 0.8161 | LR: 0.001000
Epoch 108/150 | Train: 0.5178 | Val: 0.6111 | R²: 0.8170 | LR: 0.001000
Epoch 109/150 | Train: 0.5040 | Val: 0.6127 | R²: 0.8168 | LR: 0.001000
Epoch 110/150 | Train: 0.5061 | Val: 0.6052 | R²: 0.8188 | LR: 0.001000
Epoch 111/150 | Train: 0.4978 | Val: 0.6242 | R²: 0.8200 | LR: 0.001000
Epoch 112/150 | Train: 0.4961 | Val: 0.6223 | R²: 0.8189 | LR: 0.001000
Epoch 113/150 | Train: 0.5031 | Val: 0.6054 | R²: 0.8185 | LR: 0.001000
Epoch 114/150 | Train: 0.4947 | Val: 0.6136 | R²: 0.8183 | LR: 0.001000
Epoch 115/150 | Train: 0.4931 | Val: 0.6042 | R²: 0.8195 | LR: 0.001000
Epoch 116/150 | Train: 0.4887 | Val: 0.6024 | R²: 0.8191 | LR: 0.001000
Epoch 117/150 | Train: 0.4905 | Val: 0.6082 | R²: 0.8196 | LR: 0.001000
Epoch 118/150 | Train: 0.4835 | Val: 0.6084 | R²: 0.8186 | LR: 0.001000
Epoch 119/150 | Train: 0.4925 | Val: 0.6128 | R²: 0.8199 | LR: 0.001000
Epoch 120/150 | Train: 0.4926 | Val: 0.6012 | R²: 0.8206 | LR: 0.001000
Epoch 121/150 | Train: 0.4882 | Val: 0.6059 | R²: 0.8199 | LR: 0.001000
Epoch 122/150 | Train: 0.4801 | Val: 0.5999 | R²: 0.8214 | LR: 0.001000
Epoch 123/150 | Train: 0.4824 | Val: 0.5999 | R²: 0.8202 | LR: 0.001000
Epoch 124/150 | Train: 0.4903 | Val: 0.6027 | R²: 0.8225 | LR: 0.001000
Epoch 125/150 | Train: 0.4914 | Val: 0.6053 | R²: 0.8207 | LR: 0.001000
Epoch 126/150 | Train: 0.4901 | Val: 0.5971 | R²: 0.8210 | LR: 0.001000
Epoch 127/150 | Train: 0.4786 | Val: 0.5969 | R²: 0.8233 | LR: 0.001000
Epoch 128/150 | Train: 0.4755 | Val: 0.5984 | R²: 0.8216 | LR: 0.001000
Epoch 129/150 | Train: 0.4721 | Val: 0.6022 | R²: 0.8231 | LR: 0.001000
Epoch 130/150 | Train: 0.4789 | Val: 0.5912 | R²: 0.8234 | LR: 0.001000
Epoch 131/150 | Train: 0.4795 | Val: 0.5922 | R²: 0.8223 | LR: 0.001000
Epoch 132/150 | Train: 0.4792 | Val: 0.5892 | R²: 0.8233 | LR: 0.001000
Epoch 133/150 | Train: 0.4668 | Val: 0.5888 | R²: 0.8235 | LR: 0.001000
Epoch 134/150 | Train: 0.4750 | Val: 0.5952 | R²: 0.8215 | LR: 0.001000
Epoch 135/150 | Train: 0.4742 | Val: 0.6026 | R²: 0.8205 | LR: 0.001000
Epoch 136/150 | Train: 0.4703 | Val: 0.5952 | R²: 0.8229 | LR: 0.001000
Epoch 137/150 | Train: 0.4740 | Val: 0.5851 | R²: 0.8246 | LR: 0.001000
Epoch 138/150 | Train: 0.4740 | Val: 0.5980 | R²: 0.8229 | LR: 0.001000
Epoch 139/150 | Train: 0.4679 | Val: 0.6005 | R²: 0.8217 | LR: 0.001000
Epoch 140/150 | Train: 0.4677 | Val: 0.5965 | R²: 0.8216 | LR: 0.001000
Epoch 141/150 | Train: 0.4693 | Val: 0.5981 | R²: 0.8228 | LR: 0.001000
Epoch 142/150 | Train: 0.4707 | Val: 0.5927 | R²: 0.8236 | LR: 0.001000
Epoch 143/150 | Train: 0.4655 | Val: 0.5893 | R²: 0.8241 | LR: 0.001000
Epoch 144/150 | Train: 0.4656 | Val: 0.5882 | R²: 0.8233 | LR: 0.001000
Epoch 145/150 | Train: 0.4645 | Val: 0.5948 | R²: 0.8226 | LR: 0.001000
Epoch 146/150 | Train: 0.4709 | Val: 0.5972 | R²: 0.8221 | LR: 0.001000
Epoch 147/150 | Train: 0.4588 | Val: 0.5901 | R²: 0.8238 | LR: 0.001000
Epoch 148/150 | Train: 0.4646 | Val: 0.5909 | R²: 0.8226 | LR: 0.000500
Epoch 149/150 | Train: 0.4484 | Val: 0.5915 | R²: 0.8238 | LR: 0.000500
Epoch 150/150 | Train: 0.4509 | Val: 0.5838 | R²: 0.8248 | LR: 0.000500

Fold 1 FINAL: R² = 0.8248, R = 0.9082

============================================================
FOLD 2/5
============================================================
Epoch   1/150 | Train: 67.2505 | Val: 10.4621 | R²: 0.0000 | LR: 0.001000
Epoch   2/150 | Train: 17.4995 | Val: 5.6541 | R²: 0.0233 | LR: 0.001000
Epoch   3/150 | Train: 6.4763 | Val: 3.4938 | R²: 0.0892 | LR: 0.001000
Epoch   4/150 | Train: 4.5203 | Val: 2.5895 | R²: 0.2591 | LR: 0.001000
Epoch   5/150 | Train: 3.8016 | Val: 2.5566 | R²: 0.2677 | LR: 0.001000
Epoch   6/150 | Train: 3.3197 | Val: 2.0736 | R²: 0.3884 | LR: 0.001000
Epoch   7/150 | Train: 2.9843 | Val: 1.9589 | R²: 0.4318 | LR: 0.001000
Epoch   8/150 | Train: 2.7298 | Val: 1.9062 | R²: 0.4419 | LR: 0.001000
Epoch   9/150 | Train: 2.5218 | Val: 1.7090 | R²: 0.4947 | LR: 0.001000
Epoch  10/150 | Train: 2.3640 | Val: 1.5588 | R²: 0.5387 | LR: 0.001000
Epoch  11/150 | Train: 2.2118 | Val: 1.5257 | R²: 0.5503 | LR: 0.001000
Epoch  12/150 | Train: 2.0382 | Val: 1.4416 | R²: 0.5753 | LR: 0.001000
Epoch  13/150 | Train: 1.9343 | Val: 1.3499 | R²: 0.6058 | LR: 0.001000
Epoch  14/150 | Train: 1.8331 | Val: 1.3077 | R²: 0.6191 | LR: 0.001000
Epoch  15/150 | Train: 1.7201 | Val: 1.2638 | R²: 0.6342 | LR: 0.001000
Epoch  16/150 | Train: 1.6960 | Val: 1.2238 | R²: 0.6443 | LR: 0.001000
Epoch  17/150 | Train: 1.6075 | Val: 1.1355 | R²: 0.6717 | LR: 0.001000
Epoch  18/150 | Train: 1.5436 | Val: 1.1254 | R²: 0.6760 | LR: 0.001000
Epoch  19/150 | Train: 1.5454 | Val: 1.0689 | R²: 0.6891 | LR: 0.001000
Epoch  20/150 | Train: 1.5486 | Val: 1.0385 | R²: 0.6983 | LR: 0.001000
Epoch  21/150 | Train: 1.4517 | Val: 1.0290 | R²: 0.6986 | LR: 0.001000
Epoch  22/150 | Train: 1.3489 | Val: 1.0082 | R²: 0.7084 | LR: 0.001000
Epoch  23/150 | Train: 1.3062 | Val: 0.9788 | R²: 0.7181 | LR: 0.001000
Epoch  24/150 | Train: 1.2685 | Val: 0.9531 | R²: 0.7236 | LR: 0.001000
Epoch  25/150 | Train: 1.2529 | Val: 0.9209 | R²: 0.7335 | LR: 0.001000
Epoch  26/150 | Train: 1.2070 | Val: 0.9376 | R²: 0.7350 | LR: 0.001000
Epoch  27/150 | Train: 1.1579 | Val: 0.9105 | R²: 0.7458 | LR: 0.001000
Epoch  28/150 | Train: 1.1228 | Val: 0.8811 | R²: 0.7452 | LR: 0.001000
Epoch  29/150 | Train: 1.1573 | Val: 0.8466 | R²: 0.7505 | LR: 0.001000
Epoch  30/150 | Train: 1.0797 | Val: 0.8378 | R²: 0.7573 | LR: 0.001000
Epoch  31/150 | Train: 1.0551 | Val: 0.8131 | R²: 0.7638 | LR: 0.001000
Epoch  32/150 | Train: 1.0380 | Val: 0.8345 | R²: 0.7584 | LR: 0.001000
Epoch  33/150 | Train: 1.0041 | Val: 0.8203 | R²: 0.7654 | LR: 0.001000
Epoch  34/150 | Train: 0.9800 | Val: 0.8360 | R²: 0.7612 | LR: 0.001000
Epoch  35/150 | Train: 0.9662 | Val: 0.7955 | R²: 0.7726 | LR: 0.001000
Epoch  36/150 | Train: 0.9407 | Val: 0.7695 | R²: 0.7740 | LR: 0.001000
Epoch  37/150 | Train: 0.9243 | Val: 0.7691 | R²: 0.7760 | LR: 0.001000
Epoch  38/150 | Train: 0.9142 | Val: 0.7568 | R²: 0.7799 | LR: 0.001000
Epoch  39/150 | Train: 0.8869 | Val: 0.7794 | R²: 0.7790 | LR: 0.001000
Epoch  40/150 | Train: 0.8864 | Val: 0.7395 | R²: 0.7829 | LR: 0.001000
Epoch  41/150 | Train: 0.8529 | Val: 0.7528 | R²: 0.7821 | LR: 0.001000
Epoch  42/150 | Train: 0.8485 | Val: 0.7333 | R²: 0.7864 | LR: 0.001000
Epoch  43/150 | Train: 0.8156 | Val: 0.7338 | R²: 0.7867 | LR: 0.001000
Epoch  44/150 | Train: 0.8062 | Val: 0.7099 | R²: 0.7914 | LR: 0.001000
Epoch  45/150 | Train: 0.7949 | Val: 0.7092 | R²: 0.7905 | LR: 0.001000
Epoch  46/150 | Train: 0.7908 | Val: 0.7251 | R²: 0.7908 | LR: 0.001000
Epoch  47/150 | Train: 0.7807 | Val: 0.7233 | R²: 0.7928 | LR: 0.001000
Epoch  48/150 | Train: 0.7876 | Val: 0.6941 | R²: 0.7945 | LR: 0.001000
Epoch  49/150 | Train: 0.7492 | Val: 0.7027 | R²: 0.7962 | LR: 0.001000
Epoch  50/150 | Train: 0.7554 | Val: 0.6885 | R²: 0.7983 | LR: 0.001000
Epoch  51/150 | Train: 0.7265 | Val: 0.6854 | R²: 0.8000 | LR: 0.001000
Epoch  52/150 | Train: 0.7254 | Val: 0.6850 | R²: 0.7980 | LR: 0.001000
Epoch  53/150 | Train: 0.7145 | Val: 0.6933 | R²: 0.7973 | LR: 0.001000
Epoch  54/150 | Train: 0.6936 | Val: 0.6949 | R²: 0.7995 | LR: 0.001000
Epoch  55/150 | Train: 0.7096 | Val: 0.6917 | R²: 0.7987 | LR: 0.001000
Epoch  56/150 | Train: 0.6909 | Val: 0.6760 | R²: 0.8027 | LR: 0.001000
Epoch  57/150 | Train: 0.6749 | Val: 0.6834 | R²: 0.8014 | LR: 0.001000
Epoch  58/150 | Train: 0.6624 | Val: 0.6807 | R²: 0.8012 | LR: 0.001000
Epoch  59/150 | Train: 0.6597 | Val: 0.6666 | R²: 0.8053 | LR: 0.001000
Epoch  60/150 | Train: 0.6509 | Val: 0.6698 | R²: 0.8040 | LR: 0.001000
Epoch  61/150 | Train: 0.6518 | Val: 0.6825 | R²: 0.8053 | LR: 0.001000
Epoch  62/150 | Train: 0.6409 | Val: 0.6749 | R²: 0.8043 | LR: 0.001000
Epoch  63/150 | Train: 0.6309 | Val: 0.6694 | R²: 0.8059 | LR: 0.001000
Epoch  64/150 | Train: 0.6324 | Val: 0.6704 | R²: 0.8049 | LR: 0.001000
Epoch  65/150 | Train: 0.6229 | Val: 0.6538 | R²: 0.8064 | LR: 0.001000
Epoch  66/150 | Train: 0.6113 | Val: 0.6499 | R²: 0.8091 | LR: 0.001000
Epoch  67/150 | Train: 0.6127 | Val: 0.6591 | R²: 0.8072 | LR: 0.001000
Epoch  68/150 | Train: 0.6078 | Val: 0.6442 | R²: 0.8108 | LR: 0.001000
Epoch  69/150 | Train: 0.5919 | Val: 0.6564 | R²: 0.8094 | LR: 0.001000
Epoch  70/150 | Train: 0.5918 | Val: 0.6397 | R²: 0.8114 | LR: 0.001000
Epoch  71/150 | Train: 0.5860 | Val: 0.6440 | R²: 0.8122 | LR: 0.001000
Epoch  72/150 | Train: 0.5850 | Val: 0.6321 | R²: 0.8132 | LR: 0.001000
Epoch  73/150 | Train: 0.5749 | Val: 0.6274 | R²: 0.8142 | LR: 0.001000
Epoch  74/150 | Train: 0.5736 | Val: 0.6274 | R²: 0.8142 | LR: 0.001000
Epoch  75/150 | Train: 0.5688 | Val: 0.6428 | R²: 0.8134 | LR: 0.001000
Epoch  76/150 | Train: 0.5679 | Val: 0.6303 | R²: 0.8165 | LR: 0.001000
Epoch  77/150 | Train: 0.5588 | Val: 0.6365 | R²: 0.8148 | LR: 0.001000
Epoch  78/150 | Train: 0.5652 | Val: 0.6272 | R²: 0.8157 | LR: 0.001000
Epoch  79/150 | Train: 0.5544 | Val: 0.6438 | R²: 0.8139 | LR: 0.001000
Epoch  80/150 | Train: 0.5647 | Val: 0.6448 | R²: 0.8162 | LR: 0.001000
Epoch  81/150 | Train: 0.5447 | Val: 0.6299 | R²: 0.8159 | LR: 0.001000
Epoch  82/150 | Train: 0.5476 | Val: 0.6186 | R²: 0.8165 | LR: 0.001000
Epoch  83/150 | Train: 0.5369 | Val: 0.6206 | R²: 0.8173 | LR: 0.001000
Epoch  84/150 | Train: 0.5377 | Val: 0.6189 | R²: 0.8171 | LR: 0.001000
Epoch  85/150 | Train: 0.5364 | Val: 0.6315 | R²: 0.8165 | LR: 0.001000
Epoch  86/150 | Train: 0.5336 | Val: 0.6145 | R²: 0.8183 | LR: 0.001000
Epoch  87/150 | Train: 0.5308 | Val: 0.6342 | R²: 0.8206 | LR: 0.001000
Epoch  88/150 | Train: 0.5331 | Val: 0.6235 | R²: 0.8195 | LR: 0.001000
Epoch  89/150 | Train: 0.5274 | Val: 0.6186 | R²: 0.8194 | LR: 0.001000
Epoch  90/150 | Train: 0.5118 | Val: 0.6069 | R²: 0.8233 | LR: 0.001000
Epoch  91/150 | Train: 0.5212 | Val: 0.6072 | R²: 0.8222 | LR: 0.001000
Epoch  92/150 | Train: 0.5230 | Val: 0.6110 | R²: 0.8215 | LR: 0.001000
Epoch  93/150 | Train: 0.5057 | Val: 0.6119 | R²: 0.8218 | LR: 0.001000
Epoch  94/150 | Train: 0.5088 | Val: 0.6061 | R²: 0.8217 | LR: 0.001000
Epoch  95/150 | Train: 0.5073 | Val: 0.6089 | R²: 0.8205 | LR: 0.001000
Epoch  96/150 | Train: 0.5118 | Val: 0.6223 | R²: 0.8203 | LR: 0.001000
Epoch  97/150 | Train: 0.5049 | Val: 0.6124 | R²: 0.8198 | LR: 0.001000
Epoch  98/150 | Train: 0.5056 | Val: 0.6110 | R²: 0.8214 | LR: 0.001000
Epoch  99/150 | Train: 0.4951 | Val: 0.6097 | R²: 0.8218 | LR: 0.001000
Epoch 100/150 | Train: 0.4960 | Val: 0.5975 | R²: 0.8234 | LR: 0.001000
Epoch 101/150 | Train: 0.5000 | Val: 0.6070 | R²: 0.8217 | LR: 0.001000
Epoch 102/150 | Train: 0.4956 | Val: 0.6003 | R²: 0.8232 | LR: 0.001000
Epoch 103/150 | Train: 0.5032 | Val: 0.6054 | R²: 0.8212 | LR: 0.001000
Epoch 104/150 | Train: 0.4935 | Val: 0.6025 | R²: 0.8211 | LR: 0.001000
Epoch 105/150 | Train: 0.4858 | Val: 0.5961 | R²: 0.8243 | LR: 0.001000
Epoch 106/150 | Train: 0.4871 | Val: 0.6014 | R²: 0.8228 | LR: 0.001000
Epoch 107/150 | Train: 0.4829 | Val: 0.5966 | R²: 0.8233 | LR: 0.001000
Epoch 108/150 | Train: 0.4762 | Val: 0.5938 | R²: 0.8247 | LR: 0.001000
