======================================================================
  GEOCK FINAL ENGINE — 96 compounds
======================================================================

  Feature Analysis:
    [ 0] E1_vinardo_gauss1                   range=2295.134
    [ 1] E1_vinardo_repulsion                range=18592.656
    [ 2] E1_vinardo_hydrophobic              range=3138.507
    [ 3] E1_vinardo_hbond                    range=2152.704
    [ 4] E1_vinardo_torsion                  range=7.040
    [ 5] E1_vinardo_affinity                 range=3454.236
    [ 6] E2_chem_pi_pi                       ZERO(100%)
    [ 7] E2_chem_cation_pi                   ZERO(100%)
    [ 8] E2_chem_salt_bridge                 range=1.000
    [ 9] E2_chem_halogen_bond                ZERO(99%)
    [10] E2_chem_metal_coord                 ZERO(100%)
    [11] E2_chem_burial                      range=1.000
    [12] E2_chem_shape                       range=1.000
    [13] E2_chem_lipophilic                  range=1.000
    [14] E3_quantum_vqe                      ZERO(100%)
    [15] E4_bio_drug_likeness                range=0.800
    [16] E4_bio_ligand_efficiency            range=8.651
    [17] E4_bio_pocket_druggability          range=1.000
    [18] E4_bio_resolution_weight            range=1.000
    [19] E4_bio_family_hydrophobic           range=1.000
    [20] E4_bio_family_hbond                 range=0.501
    [21] E4_bio_pocket_polarity              range=0.501
    [22] E4_bio_size_penalty                 ZERO(67%)
    [23] E4_bio_pharmacophore                range=0.038

  Split: 86 train / 5 val / 5 test
  Test PDBs: ['1cth', '1csz', '1csv', '1cuq', '1cps']

  Running 422 configurations...
  This may take a few minutes...

  Progress: 0/422
  Progress: 100/422
  Progress: 200/422
  Progress: 300/422
  Progress: 400/422

  Evaluated 422 configurations

======================================================================
  TOP 20 CONFIGURATIONS (by LOO-R)
======================================================================
  #   Type             kp  ke  alpha   LOO-R    RKF-R   Val-R  Test-R    Gap
  --- --------------- --- --- ------ ------- -------- ------- ------- ------
  1   combined_core    11  18  0.200  0.5039   0.417±0.227  0.8216  0.8766  0.213 ★
  2   combined_core     9  18  0.050  0.5028   0.414±0.226  0.8165  0.8967  0.214
  3   elasticnet        9  18  0.050  0.5028   0.414±0.226  0.8165  0.8967  0.214
  4   elasticnet        9  18  0.050  0.5028   0.414±0.226  0.8165  0.8967  0.214
  5   elasticnet        9  18  0.050  0.5028   0.414±0.226  0.8165  0.8967  0.214
  6   combined_core    11  18  0.150  0.5021   0.416±0.226  0.8205  0.8793  0.215
  7   combined_core    11  18  0.300  0.5019   0.416±0.229  0.8240  0.8708  0.215
  8   combined_core    11  18  0.100  0.4947   0.413±0.226  0.8193  0.8818  0.222
  9   combined_core    11  18  0.500  0.4941   0.411±0.234  0.8285  0.8580  0.223
  10  combined_core     9  18  0.100  0.4926   0.401±0.238  0.8206  0.8867  0.224
  11  elasticnet        9  18  0.100  0.4926   0.401±0.238  0.8206  0.8867  0.224
  12  elasticnet        9  18  0.100  0.4926   0.401±0.238  0.8206  0.8867  0.224
  13  elasticnet        9  18  0.100  0.4926   0.401±0.238  0.8206  0.8867  0.224
  14  combined_core     9  18  0.150  0.4803   0.392±0.246  0.8244  0.8763  0.236
  15  elasticnet        9  18  0.010  0.4798   0.400±0.228  0.8130  0.9044  0.237
  16  elasticnet        9  18  0.010  0.4798   0.400±0.228  0.8130  0.9044  0.237
  17  elasticnet        9  18  0.010  0.4798   0.400±0.228  0.8130  0.9044  0.237
  18  combined_core    11  18  0.050  0.4748   0.405±0.229  0.8183  0.8838  0.242
  19  combined_core     9  18  0.200  0.4708   0.386±0.249  0.8280  0.8654  0.246
  20  elasticnet        9  18  0.200  0.4708   0.386±0.249  0.8280  0.8654  0.246

  ★ BEST: combined_core kp=11 ke=18 alpha=0.2
     LOO_r = 0.5039
     RKF_r = 0.4167 ± 0.2269
     Val_r = 0.8216
     Test_r = 0.8766
     Gap (train-LOO) = 0.2129

======================================================================
  SUMMARY BY CONFIG TYPE
======================================================================
  combined_core        best LOO_r=0.5039 (kp=11, ke=18, a=0.2)
  combined_full        best LOO_r=0.4076 (kp=5, ke=22, a=1.0)
  ecfp_only            best LOO_r=0.4274 (kp=0, ke=18, a=2.0)
  elasticnet           best LOO_r=0.5028 (kp=9, ke=18, a=0.05)
  phy_core             best LOO_r=0.0603 (kp=9, ke=0, a=5.0)
  phy_full             best LOO_r=0.0245 (kp=7, ke=0, a=0.1)

======================================================================
  REBUILDING BEST MODEL
======================================================================

  Train (86 compounds):
  PDB      True   Pred   Error
  ----------------------------
  1csc     6.38   6.39  +0.010
  1cpo     6.16   6.16  -0.001
  1cil     5.57   5.93  +0.358
  2tsc     6.30   5.99  -0.320
  1cpq     6.30   6.15  -0.151
  1cpe     5.72   6.21  +0.496
  1azm     7.40   6.80  -0.600 *
  1cot     5.94   6.16  +0.225
  1crj     5.94   6.17  +0.232
  1ctr     6.45   6.28  -0.169
  1cqf     5.72   6.18  +0.459
  1csj     6.23   6.19  -0.039
  1bra     6.01   6.17  +0.155
  1csm     6.01   6.33  +0.320
  1ctw     6.09   6.31  +0.220
  1atn     6.09   6.24  +0.151
  1cqe     6.16   6.19  +0.030
  1axo     5.43   6.07  +0.646 *
  1cqs     6.38   6.12  -0.257
  1crp     5.94   6.07  +0.131
  1cpg     6.01   6.21  +0.198
  1csu     6.16   6.16  -0.003
  1csr     6.23   6.21  -0.020
  1tmn     6.23   6.23  -0.004
  1cqq     6.16   6.42  +0.258
  1crc     6.01   6.08  +0.069
  1cpu     6.52   6.28  -0.243
  1cbs     6.16   6.26  +0.097
  1cra     6.67   6.15  -0.526 *
  1cpt     5.72   6.18  +0.459
  1hvj     6.45   6.57  +0.116
  1cul     6.09   6.11  +0.021
  1cpf     6.30   6.20  -0.106
  1ciw     6.38   6.21  -0.170
  1ctd     6.01   5.96  -0.056
  1coz     6.09   6.03  -0.055
  1cty     6.01   6.16  +0.149
  1bbu     6.74   6.24  -0.508 *
  1coy     5.79   6.08  +0.292
  1mld     5.50   5.75  +0.248
  1cgo     6.52   6.15  -0.371
  1cqd     6.45   6.25  -0.206
  1acm     6.89   6.77  -0.120
  1csx     6.09   6.16  +0.073
  1iep     6.01   6.03  +0.014
  1csa     6.23   6.22  -0.013
  1cpw     6.01   6.18  +0.167
  1ctq     6.01   6.13  +0.120
  1crq     6.38   6.10  -0.282
  1cur     6.45   6.52  +0.064
  1crl     5.79   6.40  +0.609 *
  1cqp     6.30   6.22  -0.087
  1crg     5.87   6.18  +0.311
  1csh     6.30   6.34  +0.040
  1cqx     5.94   6.06  +0.121
  1csi     5.79   6.46  +0.664 *
  1crz     5.94   6.06  +0.125
  1cup     6.74   6.26  -0.488
  1csy     6.30   6.26  -0.050
  1cqi     6.16   6.15  -0.006
  1cru     6.01   6.08  +0.068
  1crb     6.30   6.24  -0.070
  1ctp     6.23   6.19  -0.043
  1crr     6.09   5.97  -0.116
  1cpr     6.96   6.14  -0.826 *
  1ctz     6.38   6.15  -0.233
  1crx     5.79   6.20  +0.410
  1csb     6.09   6.13  +0.045
  1ctj     6.30   6.16  -0.143
  1cqb     6.23   5.97  -0.264
  1cpi     7.11   6.87  -0.239
  3phy     6.74   6.79  +0.050
  1cri     6.16   6.16  +0.000
  1cmp     6.16   6.20  +0.042
  1stp     6.52   6.64  +0.114
  1cov     6.82   6.24  -0.579 *
  1ctu     5.94   6.27  +0.327
  1csw     6.38   6.14  -0.236
  1cts     6.16   5.56  -0.601 *
  1ctm     5.94   6.14  +0.201
  1cja     6.74   6.05  -0.693 *
  1cry     6.30   6.15  -0.153
  1css     6.45   6.23  -0.222
  1bmm     5.79   6.33  +0.542 *
  1cum     6.38   5.92  -0.457
  1crh     6.38   6.15  -0.226

  Val (5 compounds):
  1cte     6.16   6.14  -0.019
  1csn     6.16   6.29  +0.132
  1cqj     5.94   6.16  +0.223
  1a1e     6.09   6.15  +0.064
  1avn     6.52   6.37  -0.152

  Test (5 compounds):
  1cth     6.23   6.28  +0.049
  1csz     6.01   6.13  +0.119
  1csv     5.94   6.16  +0.219
  1cuq     6.23   6.34  +0.108
  1cps     6.09   6.28  +0.192

  MAE — Train(LOO): 0.226, Val: 0.118, Test: 0.138

======================================================================
  SAVING MODEL
======================================================================
  Saved to /home/chow/autoresearch/best_model.pkl

======================================================================
  FINAL RESULTS — GEOCK ENGINE
======================================================================

  ═══════════════════════════════════════════════════════════════════════════
  ★ BEST CONFIG: combined_core kp=11 ke=18 alpha=0.2
  ═══════════════════════════════════════════════════════════════════════════

  METRIC         VALUE      MEANING
  ───────────── ────────── ──────────────────────────────────────────────
  LOO-R          0.5039     Honest generalization (our key metric)
  RKF-R          0.4167±0.227  Repeated K-Fold (0.227 std)
  Val-R          0.8216     Optimistic (overfits to val set)
  Test-R         0.8766     Only 5 compounds — not reliable
  Train-LOO Gap  0.2129     Mild overfitting
  LOO-MAE        0.226     pKd units

  COMPARISON WITH LITERATURE:
    CASF-2016 top methods: R=0.78-0.86 on 290 diverse complexes
    Our method: LOO_r=0.50 on 96 compounds
    Gap is due to: smaller data, less diversity

  TO IMPROVE:
    1. Collect more binding data (ChEMBL, PDBbind)
    2. Re-extract features with 3D conformers
    3. Add protein family encoding
    4. Ensemble multiple models

  All results saved to /home/chow/autoresearch/results_all.tsv
======================================================================
