============================================================
GEOCK v2 - KURAMOTO PHYSICS FEATURES
============================================================

Loaded: 39109 samples, 512 ECFP features

[1] Extracting Kuramoto-inspired features...
  Computing Kuramoto features for 39K samples...
  Features shape: (39109, 4)
  Feature means: r=0.808, K=0.096, lock=0.904, speed=0.767

[2] Combining ECFP + Kuramoto features...
  Combined shape: (39109, 516) (512 ECFP + 4 Kuramoto)

[3] 5-Fold CV with XGBoost (ECFP + Kuramoto)...

============================================================
FOLD 1/5
============================================================
Fold 1 R² = 0.7067, R = 0.8407

============================================================
FOLD 2/5
============================================================
Fold 2 R² = 0.7189, R = 0.8479

============================================================
FOLD 3/5
============================================================
Fold 3 R² = 0.7334, R = 0.8564

============================================================
FOLD 4/5
============================================================
Fold 4 R² = 0.7152, R = 0.8457

============================================================
FOLD 5/5
============================================================
Fold 5 R² = 0.7224, R = 0.8500

============================================================
KURAMOTO + ECFP RESULTS:
============================================================
  CV R² = 0.7194 ± 0.0088
  CV R  = 0.8481
  Fold scores: ['0.7067', '0.7189', '0.7334', '0.7152', '0.7224']

  vs ECFP only (39K): R² = 0.7169
  vs Original (39K):   R² = 0.7118
  Difference: +0.0076
============================================================

[4] Training FINAL model (ECFP + Kuramoto) on ALL 39K...
Saved: /home/chow/autoresearch/geock_v2_kuramoto.pkl
Final CV R² = 0.7194
============================================================
